0 verbose cli C:\Program Files\nodejs\node.exe C:\Program Files\nodejs\node_modules\npm\bin\npm-cli.js
1 info using npm@10.9.2
2 info using node@v22.16.0
3 silly config load:file:C:\Program Files\nodejs\node_modules\npm\npmrc
4 silly config load:file:C:\Users\0\Desktop\pl-c-Project\_syntaxcheck\.npmrc
5 silly config load:file:C:\Users\0\.npmrc
6 silly config load:file:C:\Users\0\Desktop\pl-c-Project\_syntaxcheck\etc\npmrc
7 verbose title npm install tree-sitter@0.22.4 tree-sitter-ocaml@0.24.2
8 verbose argv "install" "--prefix" "_syntaxcheck" "tree-sitter@0.22.4" "tree-sitter-ocaml@0.24.2" "--no-audit" "--no-fund" "--cache" ".\\_npmcache"
9 verbose logfile logs-max:10 dir:C:\Users\0\Desktop\pl-c-Project\_npmcache\_logs\2026-08-14T10_36_54_247Z-
10 verbose logfile C:\Users\0\Desktop\pl-c-Project\_npmcache\_logs\2026-08-14T10_36_54_247Z-debug-0.log
11 silly logfile done cleaning log files
12 silly packumentCache heap:4345298944 maxSize:1086324736 maxEntrySize:543162368
13 silly idealTree buildDeps
14 silly fetch manifest tree-sitter@0.22.4
15 silly packumentCache full:https://registry.npmmirror.com/tree-sitter cache-miss
16 http cache https://registry.npmmirror.com/tree-sitter 15ms (cache hit)
17 silly packumentCache full:https://registry.npmmirror.com/tree-sitter set size:376742 disposed:false
18 silly fetch manifest tree-sitter-ocaml@0.24.2
19 silly packumentCache full:https://registry.npmmirror.com/tree-sitter-ocaml cache-miss
20 http cache https://registry.npmmirror.com/tree-sitter-ocaml 5ms (cache hit)
21 silly packumentCache full:https://registry.npmmirror.com/tree-sitter-ocaml set size:51553 disposed:false
22 silly placeDep ROOT tree-sitter@0.22.4 OK for:  want: 0.22.4
23 silly placeDep ROOT tree-sitter-ocaml@0.24.2 OK for:  want: 0.24.2
24 silly fetch manifest node-addon-api@^8.3.0
25 silly packumentCache full:https://registry.npmmirror.com/node-addon-api cache-miss
26 silly fetch manifest node-gyp-build@^4.8.4
27 silly packumentCache full:https://registry.npmmirror.com/node-gyp-build cache-miss
28 silly fetch manifest node-addon-api@^8.3.0
29 silly packumentCache full:https://registry.npmmirror.com/node-addon-api cache-miss
30 silly fetch manifest node-gyp-build@^4.8.4
31 silly packumentCache full:https://registry.npmmirror.com/node-gyp-build cache-miss
32 http cache https://registry.npmmirror.com/node-addon-api 11ms (cache hit)
33 silly packumentCache full:https://registry.npmmirror.com/node-addon-api set size:371531 disposed:false
34 http cache https://registry.npmmirror.com/node-gyp-build 14ms (cache hit)
35 silly packumentCache full:https://registry.npmmirror.com/node-gyp-build set size:70981 disposed:false
36 http cache https://registry.npmmirror.com/node-gyp-build 16ms (cache hit)
37 silly packumentCache full:https://registry.npmmirror.com/node-gyp-build set size:70981 disposed:false
38 silly packumentCache full:https://registry.npmmirror.com/node-gyp-build dispose
39 http cache https://registry.npmmirror.com/node-addon-api 18ms (cache hit)
40 silly packumentCache full:https://registry.npmmirror.com/node-addon-api set size:371531 disposed:false
41 silly packumentCache full:https://registry.npmmirror.com/node-addon-api dispose
42 silly placeDep ROOT node-addon-api@8.9.2 OK for: tree-sitter@0.22.4 want: ^8.3.0
43 silly placeDep ROOT node-gyp-build@4.8.4 OK for: tree-sitter@0.22.4 want: ^4.8.4
44 silly reify moves {}
45 http cache node-gyp-build@https://registry.npmmirror.com/node-gyp-build/-/node-gyp-build-4.8.4.tgz 1ms (cache hit)
46 silly tarball no local data for node-gyp-build@https://registry.npmmirror.com/node-gyp-build/-/node-gyp-build-4.8.4.tgz. Extracting by manifest.
47 http cache node-addon-api@https://registry.npmmirror.com/node-addon-api/-/node-addon-api-8.9.2.tgz 0ms (cache hit)
48 http cache tree-sitter-ocaml@https://registry.npmmirror.com/tree-sitter-ocaml/-/tree-sitter-ocaml-0.24.2.tgz 0ms (cache hit)
49 http cache tree-sitter@https://registry.npmmirror.com/tree-sitter/-/tree-sitter-0.22.4.tgz 0ms (cache hit)
50 silly tarball no local data for node-addon-api@https://registry.npmmirror.com/node-addon-api/-/node-addon-api-8.9.2.tgz. Extracting by manifest.
51 silly tarball no local data for tree-sitter-ocaml@https://registry.npmmirror.com/tree-sitter-ocaml/-/tree-sitter-ocaml-0.24.2.tgz. Extracting by manifest.
52 silly tarball no local data for tree-sitter@https://registry.npmmirror.com/tree-sitter/-/tree-sitter-0.22.4.tgz. Extracting by manifest.
53 http fetch GET 200 https://cdn.npmmirror.com/packages/node-gyp-build/4.8.4/node-gyp-build-4.8.4.tgz 283ms (cache miss)
54 http fetch GET 200 https://cdn.npmmirror.com/packages/node-addon-api/8.9.2/node-addon-api-8.9.2.tgz 309ms (cache miss)
55 http fetch GET 200 https://cdn.npmmirror.com/packages/tree-sitter/0.22.4/tree-sitter-0.22.4.tgz 695ms (cache miss)
56 http fetch GET 200 https://cdn.npmmirror.com/packages/tree-sitter-ocaml/0.24.2/tree-sitter-ocaml-0.24.2.tgz 2947ms (cache miss)
57 info run tree-sitter@0.22.4 install node_modules/tree-sitter node-gyp-build
58 info run tree-sitter-ocaml@0.24.2 install node_modules/tree-sitter-ocaml node-gyp-build
59 info run tree-sitter@0.22.4 install { code: 0, signal: null }
60 info run tree-sitter-ocaml@0.24.2 install { code: 0, signal: null }
61 silly ADD node_modules/node-gyp-build
62 silly ADD node_modules/node-addon-api
63 silly ADD node_modules/tree-sitter-ocaml
64 silly ADD node_modules/tree-sitter
65 verbose cwd C:\Users\0\Desktop\pl-c-Project
66 verbose os Windows_NT 10.0.26200
67 verbose node v22.16.0
68 verbose npm  v10.9.2
69 verbose exit 0
70 info ok
